// Jest Snapshot v1, https://goo.gl/fbAQLP

exports[`renders it's children 1`] = `
<button
  class="sc-AxjAm hWhgq"
  type="submit"
>
  <span>
    Hello World!
  </span>
</button>
`;
